\BOOKMARK [0][-]{chapter*.2}{\376\377\000L\000E\000M\000B\000A\000R\000\040\000P\000E\000N\000G\000E\000S\000A\000H\000A\000N}{}% 1
\BOOKMARK [0][-]{chapter*.3}{\376\377\000P\000E\000R\000N\000Y\000A\000T\000A\000A\000N\000\040\000O\000R\000I\000S\000I\000N\000A\000L\000I\000T\000A\000S}{}% 2
\BOOKMARK [0][-]{chapter*.4}{\376\377\000P\000E\000R\000N\000Y\000A\000T\000A\000A\000N\000\040\000P\000E\000N\000G\000G\000U\000N\000A\000A\000N\000\040\000A\000I}{}% 3
\BOOKMARK [0][-]{chapter*.6}{\376\377\000A\000B\000S\000T\000R\000A\000K}{}% 4
\BOOKMARK [0][-]{chapter*.7}{\376\377\000K\000A\000T\000A\000\040\000P\000E\000N\000G\000A\000N\000T\000A\000R}{}% 5
\BOOKMARK [0][-]{section*.8}{\376\377\000D\000A\000F\000T\000A\000R\000\040\000I\000S\000I}{}% 6
\BOOKMARK [0][-]{section*.9}{\376\377\000D\000A\000F\000T\000A\000R\000\040\000G\000A\000M\000B\000A\000R}{}% 7
\BOOKMARK [0][-]{section*.10}{\376\377\000D\000A\000F\000T\000A\000R\000\040\000T\000A\000B\000E\000L}{}% 8
\BOOKMARK [0][-]{chapter*.11}{\376\377\000D\000A\000F\000T\000A\000R\000\040\000P\000E\000R\000S\000A\000M\000A\000A\000N}{}% 9
\BOOKMARK [0][-]{chapter*.12}{\376\377\000D\000A\000F\000T\000A\000R\000\040\000A\000L\000G\000O\000R\000I\000T\000M\000A}{}% 10
\BOOKMARK [0][-]{chapter*.13}{\376\377\000D\000A\000F\000T\000A\000R\000\040\000L\000I\000S\000T\000I\000N\000G}{}% 11
\BOOKMARK [0][-]{chapter*.13}{\376\377\000D\000A\000F\000T\000A\000R\000\040\000S\000I\000M\000B\000O\000L}{}% 12
\BOOKMARK [0][-]{table.0.1}{\376\377\000D\000A\000F\000T\000A\000R\000\040\000S\000I\000N\000G\000K\000A\000T\000A\000N}{}% 13
\BOOKMARK [0][-]{chapter.1}{\376\377\000P\000E\000N\000D\000A\000H\000U\000L\000U\000A\000N}{}% 14
\BOOKMARK [1][-]{section.1.1}{\376\377\000L\000a\000t\000a\000r\000\040\000B\000e\000l\000a\000k\000a\000n\000g}{chapter.1}% 15
\BOOKMARK [1][-]{section.1.2}{\376\377\000R\000u\000m\000u\000s\000a\000n\000\040\000M\000a\000s\000a\000l\000a\000h}{chapter.1}% 16
\BOOKMARK [1][-]{section.1.3}{\376\377\000T\000u\000j\000u\000a\000n}{chapter.1}% 17
\BOOKMARK [1][-]{section.1.4}{\376\377\000B\000a\000t\000a\000s\000a\000n\000\040\000M\000a\000s\000a\000l\000a\000h}{chapter.1}% 18
\BOOKMARK [1][-]{section.1.5}{\376\377\000M\000e\000t\000o\000d\000o\000l\000o\000g\000i}{chapter.1}% 19
\BOOKMARK [2][-]{subsection.1.5.1}{\376\377\000T\000a\000h\000a\000p\000a\000n\000\040\000I\000n\000v\000e\000s\000t\000i\000g\000a\000s\000i\000\040\000d\000a\000n\000\040\000P\000e\000n\000g\000u\000m\000p\000u\000l\000a\000n\000\040\000F\000a\000k\000t\000a}{section.1.5}% 20
\BOOKMARK [2][-]{subsection.1.5.2}{\376\377\000S\000t\000u\000d\000i\000\040\000L\000i\000t\000e\000r\000a\000t\000u\000r}{section.1.5}% 21
\BOOKMARK [2][-]{subsection.1.5.3}{\376\377\000P\000e\000r\000a\000n\000c\000a\000n\000g\000a\000n\000\040\000S\000i\000s\000t\000e\000m}{section.1.5}% 22
\BOOKMARK [2][-]{subsection.1.5.4}{\376\377\000I\000m\000p\000l\000e\000m\000e\000n\000t\000a\000s\000i\000\040\000S\000i\000s\000t\000e\000m}{section.1.5}% 23
\BOOKMARK [2][-]{subsection.1.5.5}{\376\377\000P\000e\000n\000g\000u\000j\000i\000a\000n\000\040\000d\000a\000n\000\040\000E\000v\000a\000l\000u\000a\000s\000i}{section.1.5}% 24
\BOOKMARK [2][-]{subsection.1.5.6}{\376\377\000D\000o\000k\000u\000m\000e\000n\000t\000a\000s\000i\000\040\000d\000a\000n\000\040\000P\000e\000n\000y\000u\000s\000u\000n\000a\000n\000\040\000L\000a\000p\000o\000r\000a\000n}{section.1.5}% 25
\BOOKMARK [0][-]{chapter.2}{\376\377\000S\000T\000U\000D\000I\000\040\000L\000I\000T\000E\000R\000A\000T\000U\000R}{}% 26
\BOOKMARK [1][-]{section.2.1}{\376\377\000B\000u\000s\000i\000n\000e\000s\000s\000\040\000I\000n\000t\000e\000l\000l\000i\000g\000e\000n\000c\000e\000\040\000d\000a\000n\000\040\000A\000r\000s\000i\000t\000e\000k\000t\000u\000r\000\040\000S\000i\000s\000t\000e\000m}{chapter.2}% 27
\BOOKMARK [2][-]{subsection.2.1.1}{\376\377\000K\000o\000n\000s\000e\000p\000\040\000B\000u\000s\000i\000n\000e\000s\000s\000\040\000I\000n\000t\000e\000l\000l\000i\000g\000e\000n\000c\000e}{section.2.1}% 28
\BOOKMARK [2][-]{subsection.2.1.2}{\376\377\000A\000r\000s\000i\000t\000e\000k\000t\000u\000r\000\040\000B\000u\000s\000i\000n\000e\000s\000s\000\040\000I\000n\000t\000e\000l\000l\000i\000g\000e\000n\000c\000e\000\040\000H\000i\000b\000r\000i\000d\000a}{section.2.1}% 29
\BOOKMARK [2][-]{subsection.2.1.3}{\376\377\000S\000e\000m\000a\000n\000t\000i\000c\000\040\000L\000a\000y\000e\000r\000\040\000d\000a\000l\000a\000m\000\040\000B\000u\000s\000i\000n\000e\000s\000s\000\040\000I\000n\000t\000e\000l\000l\000i\000g\000e\000n\000c\000e}{section.2.1}% 30
\BOOKMARK [3][-]{subsubsection.2.1.3.1}{\376\377\000K\000o\000m\000p\000o\000n\000e\000n\000\040\000I\000n\000t\000i\000\040\000S\000e\000m\000a\000n\000t\000i\000c\000\040\000L\000a\000y\000e\000r}{subsection.2.1.3}% 31
\BOOKMARK [1][-]{section.2.2}{\376\377\000R\000u\000l\000e\000-\000B\000a\000s\000e\000d\000\040\000Q\000u\000e\000r\000y\000\040\000d\000a\000n\000\040\000I\000m\000p\000l\000e\000m\000e\000n\000t\000a\000s\000i\000n\000y\000a\000\040\000p\000a\000d\000a\000\040\000C\000h\000a\000t\000b\000o\000t}{chapter.2}% 32
\BOOKMARK [2][-]{subsection.2.2.1}{\376\377\000K\000o\000n\000s\000e\000p\000\040\000R\000u\000l\000e\000-\000B\000a\000s\000e\000d\000\040\000Q\000u\000e\000r\000y\000\040\000d\000a\000l\000a\000m\000\040\000S\000i\000s\000t\000e\000m\000\040\000B\000a\000s\000i\000s\000\040\000D\000a\000t\000a}{section.2.2}% 33
\BOOKMARK [2][-]{subsection.2.2.2}{\376\377\000C\000h\000a\000t\000b\000o\000t\000\040\000B\000e\000r\000b\000a\000s\000i\000s\000\040\000A\000t\000u\000r\000a\000n\000\040\000d\000a\000n\000\040\000P\000e\000n\000c\000o\000c\000o\000k\000a\000n\000\040\000P\000o\000l\000a}{section.2.2}% 34
\BOOKMARK [2][-]{subsection.2.2.3}{\376\377\000I\000n\000t\000e\000g\000r\000a\000s\000i\000\040\000R\000u\000l\000e\000-\000B\000a\000s\000e\000d\000\040\000Q\000u\000e\000r\000y\000\040\000d\000a\000l\000a\000m\000\040\000A\000r\000s\000i\000t\000e\000k\000t\000u\000r\000\040\000C\000h\000a\000t\000b\000o\000t\000\040\000B\000I}{section.2.2}% 35
\BOOKMARK [1][-]{section.2.3}{\376\377\000P\000a\000t\000t\000e\000r\000n\000-\000B\000a\000s\000e\000d\000\040\000I\000n\000t\000e\000n\000t\000\040\000C\000l\000a\000s\000s\000i\000f\000i\000c\000a\000t\000i\000o\000n\000\040\000d\000e\000n\000g\000a\000n\000\040\000C\000o\000n\000f\000i\000d\000e\000n\000c\000e\000\040\000L\000e\000v\000e\000l}{chapter.2}% 36
\BOOKMARK [2][-]{subsection.2.3.1}{\376\377\000K\000o\000n\000s\000e\000p\000\040\000I\000n\000t\000e\000n\000t\000\040\000C\000l\000a\000s\000s\000i\000f\000i\000c\000a\000t\000i\000o\000n}{section.2.3}% 37
\BOOKMARK [2][-]{subsection.2.3.2}{\376\377\000K\000l\000a\000s\000i\000f\000i\000k\000a\000s\000i\000\040\000I\000n\000t\000e\000n\000t\000\040\000B\000e\000r\000b\000a\000s\000i\000s\000\040\000T\000r\000a\000n\000s\000f\000o\000r\000m\000e\000r}{section.2.3}% 38
\BOOKMARK [2][-]{subsection.2.3.3}{\376\377\000P\000a\000t\000t\000e\000r\000n\000\040\000M\000a\000t\000c\000h\000i\000n\000g\000\040\000u\000n\000t\000u\000k\000\040\000I\000n\000t\000e\000n\000t\000\040\000C\000l\000a\000s\000s\000i\000f\000i\000c\000a\000t\000i\000o\000n}{section.2.3}% 39
\BOOKMARK [2][-]{subsection.2.3.4}{\376\377\000C\000o\000n\000f\000i\000d\000e\000n\000c\000e\000\040\000S\000c\000o\000r\000e\000\040\000d\000a\000l\000a\000m\000\040\000I\000n\000t\000e\000n\000t\000\040\000C\000l\000a\000s\000s\000i\000f\000i\000c\000a\000t\000i\000o\000n}{section.2.3}% 40
\BOOKMARK [3][-]{subsubsection.2.3.4.1}{\376\377\000C\000o\000n\000f\000i\000d\000e\000n\000c\000e\000\040\000T\000h\000r\000e\000s\000h\000o\000l\000d}{subsection.2.3.4}% 41
\BOOKMARK [2][-]{subsection.2.3.5}{\376\377\000E\000v\000a\000l\000u\000a\000s\000i\000\040\000P\000e\000r\000f\000o\000r\000m\000a\000\040\000I\000n\000t\000e\000n\000t\000\040\000C\000l\000a\000s\000s\000i\000f\000i\000c\000a\000t\000i\000o\000n}{section.2.3}% 42
\BOOKMARK [3][-]{subsubsection.2.3.5.1}{\376\377\000M\000e\000t\000r\000i\000k\000\040\000E\000v\000a\000l\000u\000a\000s\000i\000\040\000K\000l\000a\000s\000i\000f\000i\000k\000a\000s\000i\000\040\000I\000n\000t\000e\000n\000t\000\040\000M\000u\000l\000t\000i\000-\000K\000e\000l\000a\000s}{subsection.2.3.5}% 43
\BOOKMARK [3][-]{subsubsection.2.3.5.2}{\376\377\000C\000o\000n\000f\000u\000s\000i\000o\000n\000\040\000M\000a\000t\000r\000i\000x\000\040\000d\000a\000n\000\040\000C\000o\000n\000f\000i\000d\000e\000n\000c\000e\000\040\000S\000c\000o\000r\000e\000\040\000A\000n\000a\000l\000y\000s\000i\000s}{subsection.2.3.5}% 44
\BOOKMARK [3][-]{subsubsection.2.3.5.3}{\376\377\000T\000a\000r\000g\000e\000t\000\040\000P\000e\000r\000f\000o\000r\000m\000a\000\040\000I\000n\000t\000e\000n\000t\000\040\000C\000l\000a\000s\000s\000i\000f\000i\000c\000a\000t\000i\000o\000n}{subsection.2.3.5}% 45
\BOOKMARK [1][-]{section.2.4}{\376\377\000T\000e\000m\000p\000l\000a\000t\000e\000-\000B\000a\000s\000e\000d\000\040\000N\000a\000t\000u\000r\000a\000l\000\040\000L\000a\000n\000g\000u\000a\000g\000e\000\040\000G\000e\000n\000e\000r\000a\000t\000i\000o\000n}{chapter.2}% 46
\BOOKMARK [2][-]{subsection.2.4.1}{\376\377\000K\000o\000n\000s\000e\000p\000\040\000N\000a\000t\000u\000r\000a\000l\000\040\000L\000a\000n\000g\000u\000a\000g\000e\000\040\000G\000e\000n\000e\000r\000a\000t\000i\000o\000n}{section.2.4}% 47
\BOOKMARK [2][-]{subsection.2.4.2}{\376\377\000T\000e\000m\000p\000l\000a\000t\000e\000-\000B\000a\000s\000e\000d\000\040\000N\000a\000t\000u\000r\000a\000l\000\040\000L\000a\000n\000g\000u\000a\000g\000e\000\040\000G\000e\000n\000e\000r\000a\000t\000i\000o\000n}{section.2.4}% 48
\BOOKMARK [2][-]{subsection.2.4.3}{\376\377\000T\000e\000m\000p\000l\000a\000t\000e\000\040\000R\000e\000w\000r\000i\000t\000i\000n\000g\000\040\000d\000e\000n\000g\000a\000n\000\040\000P\000r\000e\000-\000t\000r\000a\000i\000n\000e\000d\000\040\000L\000a\000n\000g\000u\000a\000g\000e\000\040\000M\000o\000d\000e\000l\000s}{section.2.4}% 49
\BOOKMARK [2][-]{subsection.2.4.4}{\376\377\000K\000e\000a\000m\000a\000n\000a\000n\000\040\000d\000a\000n\000\040\000P\000r\000i\000v\000a\000s\000i\000\040\000D\000a\000t\000a\000\040\000d\000a\000l\000a\000m\000\040\000N\000L\000G\000\040\000I\000n\000t\000e\000r\000n\000a\000l}{section.2.4}% 50
\BOOKMARK [3][-]{subsubsection.2.4.4.1}{\376\377\000D\000i\000f\000f\000e\000r\000e\000n\000t\000i\000a\000l\000\040\000P\000r\000i\000v\000a\000c\000y\000\040\000u\000n\000t\000u\000k\000\040\000N\000L\000G}{subsection.2.4.4}% 51
\BOOKMARK [3][-]{subsubsection.2.4.4.2}{\376\377\000S\000t\000r\000a\000t\000e\000g\000i\000\040\000K\000e\000a\000m\000a\000n\000a\000n\000\040\000D\000a\000t\000a\000\040\000d\000a\000l\000a\000m\000\040\000N\000L\000G}{subsection.2.4.4}% 52
\BOOKMARK [3][-]{subsubsection.2.4.4.3}{\376\377\000M\000i\000t\000i\000g\000a\000s\000i\000\040\000R\000i\000s\000i\000k\000o\000\040\000d\000a\000l\000a\000m\000\040\000N\000L\000G\000\040\000I\000n\000t\000e\000r\000n\000a\000l}{subsection.2.4.4}% 53
\BOOKMARK [2][-]{subsection.2.4.5}{\376\377\000E\000v\000a\000l\000u\000a\000s\000i\000\040\000K\000u\000a\000l\000i\000t\000a\000s\000\040\000N\000a\000t\000u\000r\000a\000l\000\040\000L\000a\000n\000g\000u\000a\000g\000e\000\040\000G\000e\000n\000e\000r\000a\000t\000i\000o\000n}{section.2.4}% 54
\BOOKMARK [3][-]{subsubsection.2.4.5.1}{\376\377\000M\000e\000t\000r\000i\000k\000\040\000O\000t\000o\000m\000a\000t\000i\000s\000\040\000u\000n\000t\000u\000k\000\040\000E\000v\000a\000l\000u\000a\000s\000i\000\040\000N\000L\000G}{subsection.2.4.5}% 55
\BOOKMARK [3][-]{subsubsection.2.4.5.2}{\376\377\000E\000v\000a\000l\000u\000a\000s\000i\000\040\000S\000u\000b\000j\000e\000k\000t\000i\000f\000\040\000B\000e\000r\000b\000a\000s\000i\000s\000\040\000P\000e\000n\000g\000g\000u\000n\000a}{subsection.2.4.5}% 56
\BOOKMARK [3][-]{subsubsection.2.4.5.3}{\376\377\000K\000r\000i\000t\000e\000r\000i\000a\000\040\000P\000e\000r\000f\000o\000r\000m\000a\000\040\000N\000L\000G\000\040\000d\000a\000l\000a\000m\000\040\000L\000i\000t\000e\000r\000a\000t\000u\000r}{subsection.2.4.5}% 57
\BOOKMARK [1][-]{section.2.5}{\376\377\000T\000i\000m\000e\000\040\000S\000e\000r\000i\000e\000s\000\040\000F\000o\000r\000e\000c\000a\000s\000t\000i\000n\000g}{chapter.2}% 58
\BOOKMARK [2][-]{subsection.2.5.1}{\376\377\000K\000o\000n\000s\000e\000p\000\040\000T\000i\000m\000e\000\040\000S\000e\000r\000i\000e\000s\000\040\000d\000a\000n\000\040\000P\000e\000r\000a\000m\000a\000l\000a\000n}{section.2.5}% 59
\BOOKMARK [2][-]{subsection.2.5.2}{\376\377\000M\000o\000d\000e\000l\000\040\000P\000e\000r\000a\000m\000a\000l\000a\000n\000\040\000D\000e\000r\000e\000t\000\040\000W\000a\000k\000t\000u\000\040\000B\000e\000r\000b\000a\000s\000i\000s\000\040\000D\000e\000e\000p\000\040\000L\000e\000a\000r\000n\000i\000n\000g}{section.2.5}% 60
\BOOKMARK [3][-]{subsubsection.2.5.2.1}{\376\377\000L\000S\000T\000M\000\040\000\050\000L\000o\000n\000g\000\040\000S\000h\000o\000r\000t\000-\000T\000e\000r\000m\000\040\000M\000e\000m\000o\000r\000y\000\051\000\040\000u\000n\000t\000u\000k\000\040\000P\000e\000r\000a\000m\000a\000l\000a\000n\000\040\000D\000e\000r\000e\000t\000\040\000W\000a\000k\000t\000u}{subsection.2.5.2}% 61
\BOOKMARK [3][-]{subsubsection.2.5.2.2}{\376\377\000G\000R\000U\000\040\000\050\000G\000a\000t\000e\000d\000\040\000R\000e\000c\000u\000r\000r\000e\000n\000t\000\040\000U\000n\000i\000t\000\051\000\040\000s\000e\000b\000a\000g\000a\000i\000\040\000A\000l\000t\000e\000r\000n\000a\000t\000i\000f\000\040\000L\000S\000T\000M}{subsection.2.5.2}% 62
\BOOKMARK [3][-]{subsubsection.2.5.2.3}{\376\377\000T\000e\000m\000p\000o\000r\000a\000l\000\040\000F\000u\000s\000i\000o\000n\000\040\000T\000r\000a\000n\000s\000f\000o\000r\000m\000e\000r\000\040\000\050\000T\000F\000T\000\051\000\040\000u\000n\000t\000u\000k\000\040\000D\000a\000t\000a\000\040\000M\000u\000l\000t\000i\000v\000a\000r\000i\000a\000t}{subsection.2.5.2}% 63
\BOOKMARK [3][-]{subsubsection.2.5.2.4}{\376\377\000M\000o\000d\000e\000l\000\040\000H\000i\000b\000r\000i\000d\000a\000\040\000d\000a\000n\000\040\000E\000n\000s\000e\000m\000b\000l\000e}{subsection.2.5.2}% 64
\BOOKMARK [3][-]{subsubsection.2.5.2.5}{\376\377\000P\000e\000r\000b\000a\000n\000d\000i\000n\000g\000a\000n\000\040\000K\000a\000r\000a\000k\000t\000e\000r\000i\000s\000t\000i\000k\000\040\000M\000o\000d\000e\000l\000\040\000P\000e\000r\000a\000m\000a\000l\000a\000n\000\040\000D\000e\000e\000p\000\040\000L\000e\000a\000r\000n\000i\000n\000g}{subsection.2.5.2}% 65
\BOOKMARK [3][-]{subsubsection.2.5.2.6}{\376\377\000P\000e\000m\000i\000l\000i\000h\000a\000n\000\040\000M\000o\000d\000e\000l\000\040\000d\000a\000l\000a\000m\000\040\000K\000o\000n\000t\000e\000k\000s\000\040\000P\000e\000n\000e\000l\000i\000t\000i\000a\000n}{subsection.2.5.2}% 66
\BOOKMARK [2][-]{subsection.2.5.3}{\376\377\000E\000v\000a\000l\000u\000a\000s\000i\000\040\000P\000e\000r\000f\000o\000r\000m\000a\000\040\000T\000i\000m\000e\000\040\000S\000e\000r\000i\000e\000s\000\040\000F\000o\000r\000e\000c\000a\000s\000t\000i\000n\000g}{section.2.5}% 67
\BOOKMARK [3][-]{subsubsection.2.5.3.1}{\376\377\000M\000e\000t\000r\000i\000k\000\040\000E\000v\000a\000l\000u\000a\000s\000i\000\040\000F\000o\000r\000e\000c\000a\000s\000t\000i\000n\000g}{subsection.2.5.3}% 68
\BOOKMARK [3][-]{subsubsection.2.5.3.2}{\376\377\000S\000k\000i\000l\000l\000\040\000S\000c\000o\000r\000e\000\040\000t\000e\000r\000h\000a\000d\000a\000p\000\040\000G\000a\000r\000i\000s\000\040\000D\000a\000s\000a\000r}{subsection.2.5.3}% 69
\BOOKMARK [3][-]{subsubsection.2.5.3.3}{\376\377\000P\000e\000l\000a\000p\000o\000r\000a\000n\000\040\000p\000e\000r\000\040\000H\000o\000r\000i\000z\000o\000n\000\040\000d\000a\000n\000\040\000p\000e\000r\000\040\000E\000n\000t\000i\000t\000a\000s\000\040\000P\000r\000i\000o\000r\000i\000t\000a\000s}{subsection.2.5.3}% 70
\BOOKMARK [3][-]{subsubsection.2.5.3.4}{\376\377\000R\000e\000s\000i\000d\000u\000a\000l\000\040\000A\000n\000a\000l\000y\000s\000i\000s}{subsection.2.5.3}% 71
\BOOKMARK [3][-]{subsubsection.2.5.3.5}{\376\377\000T\000i\000m\000e\000\040\000S\000e\000r\000i\000e\000s\000\040\000C\000r\000o\000s\000s\000-\000V\000a\000l\000i\000d\000a\000t\000i\000o\000n}{subsection.2.5.3}% 72
\BOOKMARK [3][-]{subsubsection.2.5.3.6}{\376\377\000T\000a\000r\000g\000e\000t\000\040\000P\000e\000r\000f\000o\000r\000m\000a\000\040\000F\000o\000r\000e\000c\000a\000s\000t\000i\000n\000g}{subsection.2.5.3}% 73
\BOOKMARK [1][-]{section.2.6}{\376\377\000I\000n\000t\000e\000g\000r\000a\000s\000i\000\040\000S\000i\000s\000t\000e\000m\000\040\000d\000a\000n\000\040\000P\000e\000n\000e\000l\000i\000t\000i\000a\000n\000\040\000T\000e\000r\000k\000a\000i\000t}{chapter.2}% 74
\BOOKMARK [2][-]{subsection.2.6.1}{\376\377\000A\000r\000s\000i\000t\000e\000k\000t\000u\000r\000\040\000C\000h\000a\000t\000b\000o\000t\000\040\000H\000i\000b\000r\000i\000d\000a}{section.2.6}% 75
\BOOKMARK [2][-]{subsection.2.6.2}{\376\377\000I\000n\000t\000e\000g\000r\000a\000s\000i\000\040\000K\000l\000a\000s\000i\000f\000i\000k\000a\000s\000i\000\040\000I\000n\000t\000e\000n\000t\000\040\000d\000a\000n\000\040\000M\000e\000s\000i\000n\000\040\000K\000u\000e\000r\000i}{section.2.6}% 76
\BOOKMARK [2][-]{subsection.2.6.3}{\376\377\000I\000n\000t\000e\000g\000r\000a\000s\000i\000\040\000P\000e\000m\000b\000a\000n\000g\000k\000i\000t\000a\000n\000\040\000B\000a\000h\000a\000s\000a\000\040\000A\000l\000a\000m\000i\000\040\000B\000e\000r\000b\000a\000s\000i\000s\000\040\000T\000e\000m\000p\000l\000a\000t}{section.2.6}% 77
\BOOKMARK [2][-]{subsection.2.6.4}{\376\377\000I\000n\000t\000e\000g\000r\000a\000s\000i\000\040\000P\000e\000r\000a\000m\000a\000l\000a\000n\000\040\000D\000e\000r\000e\000t\000\040\000W\000a\000k\000t\000u}{section.2.6}% 78
\BOOKMARK [2][-]{subsection.2.6.5}{\376\377\000I\000n\000t\000e\000g\000r\000a\000s\000i\000\040\000P\000r\000e\000d\000i\000k\000s\000i\000\040\000C\000u\000s\000t\000o\000m\000e\000r\000\040\000C\000h\000u\000r\000n}{section.2.6}% 79
\BOOKMARK [1][-]{section.2.7}{\376\377\000T\000i\000n\000j\000a\000u\000a\000n\000\040\000P\000e\000n\000e\000l\000i\000t\000i\000a\000n\000\040\000T\000e\000r\000d\000a\000h\000u\000l\000u}{chapter.2}% 80
\BOOKMARK [1][-]{section.2.8}{\376\377\000C\000e\000l\000a\000h\000\040\000P\000e\000n\000e\000l\000i\000t\000i\000a\000n\000\040\000d\000a\000n\000\040\000K\000o\000n\000t\000r\000i\000b\000u\000s\000i}{chapter.2}% 81
\BOOKMARK [0][-]{chapter.3}{\376\377\000A\000N\000A\000L\000I\000S\000I\000S\000\040\000M\000A\000S\000A\000L\000A\000H}{}% 82
\BOOKMARK [1][-]{section.3.1}{\376\377\000A\000n\000a\000l\000i\000s\000i\000s\000\040\000K\000o\000n\000d\000i\000s\000i\000\040\000S\000a\000a\000t\000\040\000I\000n\000i}{chapter.3}% 83
\BOOKMARK [2][-]{subsection.3.1.1}{\376\377\000P\000e\000m\000a\000h\000a\000m\000a\000n\000\040\000B\000i\000s\000n\000i\000s\000\040\000\050\000B\000u\000s\000i\000n\000e\000s\000s\000\040\000U\000n\000d\000e\000r\000s\000t\000a\000n\000d\000i\000n\000g\000\051}{section.3.1}% 84
\BOOKMARK [1][-]{section.3.2}{\376\377\000A\000n\000a\000l\000i\000s\000i\000s\000\040\000K\000e\000b\000u\000t\000u\000h\000a\000n}{chapter.3}% 85
\BOOKMARK [2][-]{subsection.3.2.1}{\376\377\000I\000d\000e\000n\000t\000i\000f\000i\000k\000a\000s\000i\000\040\000M\000a\000s\000a\000l\000a\000h\000\040\000P\000e\000n\000g\000g\000u\000n\000a}{section.3.2}% 86
\BOOKMARK [2][-]{subsection.3.2.2}{\376\377\000K\000e\000b\000u\000t\000u\000h\000a\000n\000\040\000F\000u\000n\000g\000s\000i\000o\000n\000a\000l}{section.3.2}% 87
\BOOKMARK [2][-]{subsection.3.2.3}{\376\377\000K\000e\000b\000u\000t\000u\000h\000a\000n\000\040\000N\000o\000n\000f\000u\000n\000g\000s\000i\000o\000n\000a\000l}{section.3.2}% 88
\BOOKMARK [1][-]{section.3.3}{\376\377\000A\000n\000a\000l\000i\000s\000i\000s\000\040\000P\000e\000m\000i\000l\000i\000h\000a\000n\000\040\000S\000o\000l\000u\000s\000i}{chapter.3}% 89
\BOOKMARK [2][-]{subsection.3.3.1}{\376\377\000A\000l\000t\000e\000r\000n\000a\000t\000i\000f\000\040\000S\000o\000l\000u\000s\000i}{section.3.3}% 90
\BOOKMARK [2][-]{subsection.3.3.2}{\376\377\000A\000n\000a\000l\000i\000s\000i\000s\000\040\000P\000e\000n\000e\000n\000t\000u\000a\000n\000\040\000S\000o\000l\000u\000s\000i}{section.3.3}% 91
\BOOKMARK [3][-]{subsubsection.3.3.2.1}{\376\377\000S\000o\000l\000u\000s\000i\000\040\0001\000:\000\040\000C\000h\000a\000t\000b\000o\000t\000\040\000B\000e\000r\000b\000a\000s\000i\000s\000\040\000A\000t\000u\000r\000a\000n\000\040\000S\000e\000d\000e\000r\000h\000a\000n\000a}{subsection.3.3.2}% 92
\BOOKMARK [3][-]{subsubsection.3.3.2.2}{\376\377\000S\000o\000l\000u\000s\000i\000\040\0002\000:\000\040\000C\000h\000a\000t\000b\000o\000t\000\040\000B\000I\000\040\000d\000e\000n\000g\000a\000n\000\040\000K\000l\000a\000s\000i\000f\000i\000k\000a\000s\000i\000\040\000M\000a\000k\000s\000u\000d\000\040\000B\000e\000r\000b\000a\000s\000i\000s\000\040\000P\000o\000l\000a\000,\000\040\000P\000e\000m\000b\000a\000n\000g\000k\000i\000t\000a\000n\000\040\000B\000a\000h\000a\000s\000a\000\040\000A\000l\000a\000m\000i\000\040\000B\000e\000r\000b\000a\000s\000i\000s\000\040\000T\000e\000m\000p\000l\000a\000t\000,\000\040\000d\000a\000n\000\040\000P\000e\000r\000a\000m\000a\000l\000a\000n\000\040\000D\000e\000r\000e\000t\000\040\000W\000a\000k\000t\000u}{subsection.3.3.2}% 93
\BOOKMARK [3][-]{subsubsection.3.3.2.3}{\376\377\000S\000o\000l\000u\000s\000i\000\040\0003\000:\000\040\000D\000a\000s\000b\000o\000r\000\040\000B\000I\000\040\000I\000n\000t\000e\000r\000a\000k\000t\000i\000f\000\040\000T\000r\000a\000d\000i\000s\000i\000o\000n\000a\000l\000\040\000d\000e\000n\000g\000a\000n\000\040\000P\000e\000n\000i\000n\000g\000k\000a\000t\000a\000n}{subsection.3.3.2}% 94
\BOOKMARK [3][-]{subsubsection.3.3.2.4}{\376\377\000M\000a\000t\000r\000i\000k\000s\000\040\000P\000e\000r\000b\000a\000n\000d\000i\000n\000g\000a\000n\000\040\000B\000a\000l\000a\000n\000c\000e\000d\000\040\000S\000c\000o\000r\000e\000c\000a\000r\000d}{subsection.3.3.2}% 95
\BOOKMARK [3][-]{subsubsection.3.3.2.5}{\376\377\000K\000e\000s\000i\000m\000p\000u\000l\000a\000n\000\040\000P\000e\000m\000i\000l\000i\000h\000a\000n\000\040\000S\000o\000l\000u\000s\000i}{subsection.3.3.2}% 96
\BOOKMARK [1][-]{section.3.4}{\376\377\000P\000e\000m\000a\000h\000a\000m\000a\000n\000\040\000d\000a\000n\000\040\000A\000n\000a\000l\000i\000s\000i\000s\000\040\000D\000a\000t\000a\000\040\000\050\000D\000a\000t\000a\000\040\000U\000n\000d\000e\000r\000s\000t\000a\000n\000d\000i\000n\000g\000\051}{chapter.3}% 97
\BOOKMARK [2][-]{subsection.3.4.1}{\376\377\000S\000u\000m\000b\000e\000r\000\040\000D\000a\000t\000a\000\040\000d\000a\000n\000\040\000A\000r\000s\000i\000t\000e\000k\000t\000u\000r\000\040\000P\000e\000n\000y\000i\000m\000p\000a\000n\000a\000n}{section.3.4}% 98
\BOOKMARK [3][-]{subsubsection.3.4.1.1}{\376\377\000D\000o\000m\000a\000i\000n\000\040\000S\000A\000L\000E\000S}{subsection.3.4.1}% 99
\BOOKMARK [3][-]{subsubsection.3.4.1.2}{\376\377\000D\000o\000m\000a\000i\000n\000\040\000R\000E\000V\000E\000N\000U\000E}{subsection.3.4.1}% 100
\BOOKMARK [3][-]{subsubsection.3.4.1.3}{\376\377\000D\000o\000m\000a\000i\000n\000\040\000D\000A\000T\000A\000\137\000P\000R\000O\000S\000E\000S}{subsection.3.4.1}% 101
\BOOKMARK [3][-]{subsubsection.3.4.1.4}{\376\377\000D\000o\000m\000a\000i\000n\000\040\000T\000A\000R\000G\000E\000T}{subsection.3.4.1}% 102
\BOOKMARK [3][-]{subsubsection.3.4.1.5}{\376\377\000D\000o\000m\000a\000i\000n\000\040\000C\000T\0000}{subsection.3.4.1}% 103
\BOOKMARK [2][-]{subsection.3.4.2}{\376\377\000A\000n\000a\000l\000i\000s\000i\000s\000\040\000K\000u\000a\000l\000i\000t\000a\000s\000\040\000D\000a\000t\000a}{section.3.4}% 104
\BOOKMARK [3][-]{subsubsection.3.4.2.1}{\376\377\000K\000e\000l\000e\000n\000g\000k\000a\000p\000a\000n\000\040\000d\000a\000n\000\040\000K\000o\000n\000s\000i\000s\000t\000e\000n\000s\000i\000\040\000D\000a\000t\000a}{subsection.3.4.2}% 105
\BOOKMARK [3][-]{subsubsection.3.4.2.2}{\376\377\000A\000n\000a\000l\000i\000s\000i\000s\000\040\000S\000t\000r\000u\000k\000t\000u\000r\000\040\000T\000e\000m\000p\000o\000r\000a\000l}{subsection.3.4.2}% 106
\BOOKMARK [3][-]{subsubsection.3.4.2.3}{\376\377\000A\000n\000a\000l\000i\000s\000i\000s\000\040\000R\000e\000l\000e\000v\000a\000n\000s\000i\000\040\000F\000i\000t\000u\000r}{subsection.3.4.2}% 107
\BOOKMARK [2][-]{subsection.3.4.3}{\376\377\000A\000t\000r\000i\000b\000u\000t\000\040\000R\000e\000l\000a\000s\000i\000o\000n\000a\000l\000\040\000A\000n\000t\000a\000r\000-\000D\000o\000m\000a\000i\000n}{section.3.4}% 108
\BOOKMARK [1][-]{section.3.5}{\376\377\000P\000e\000r\000s\000i\000a\000p\000a\000n\000\040\000D\000a\000t\000a\000\040\000\050\000D\000a\000t\000a\000\040\000P\000r\000e\000p\000a\000r\000a\000t\000i\000o\000n\000\051}{chapter.3}% 109
\BOOKMARK [2][-]{subsection.3.5.1}{\376\377\000P\000e\000m\000b\000e\000r\000s\000i\000h\000a\000n\000\040\000D\000a\000t\000a}{section.3.5}% 110
\BOOKMARK [3][-]{subsubsection.3.5.1.1}{\376\377\000P\000e\000n\000a\000n\000g\000a\000n\000a\000n\000\040\000N\000i\000l\000a\000i\000\040\000H\000i\000l\000a\000n\000g}{subsection.3.5.1}% 111
\BOOKMARK [3][-]{subsubsection.3.5.1.2}{\376\377\000P\000e\000n\000g\000h\000a\000p\000u\000s\000a\000n\000\040\000D\000u\000p\000l\000i\000k\000a\000s\000i}{subsection.3.5.1}% 112
\BOOKMARK [3][-]{subsubsection.3.5.1.3}{\376\377\000D\000e\000t\000e\000k\000s\000i\000\040\000d\000a\000n\000\040\000P\000e\000n\000a\000n\000g\000a\000n\000a\000n\000\040\000O\000u\000t\000l\000i\000e\000r}{subsection.3.5.1}% 113
\BOOKMARK [2][-]{subsection.3.5.2}{\376\377\000T\000r\000a\000n\000s\000f\000o\000r\000m\000a\000s\000i\000\040\000D\000a\000t\000a}{section.3.5}% 114
\BOOKMARK [3][-]{subsubsection.3.5.2.1}{\376\377\000N\000o\000r\000m\000a\000l\000i\000s\000a\000s\000i\000\040\000d\000a\000n\000\040\000S\000t\000a\000n\000d\000a\000r\000d\000i\000s\000a\000s\000i}{subsection.3.5.2}% 115
\BOOKMARK [3][-]{subsubsection.3.5.2.2}{\376\377\000T\000r\000a\000n\000s\000f\000o\000r\000m\000a\000s\000i\000\040\000L\000o\000g\000a\000r\000i\000t\000m\000i\000k}{subsection.3.5.2}% 116
\BOOKMARK [3][-]{subsubsection.3.5.2.3}{\376\377\000P\000e\000n\000g\000k\000o\000d\000e\000a\000n\000\040\000F\000i\000t\000u\000r\000\040\000K\000a\000t\000e\000g\000o\000r\000i\000k\000a\000l}{subsection.3.5.2}% 117
\BOOKMARK [2][-]{subsection.3.5.3}{\376\377\000R\000e\000k\000a\000y\000a\000s\000a\000\040\000F\000i\000t\000u\000r\000\040\000u\000n\000t\000u\000k\000\040\000P\000e\000r\000a\000m\000a\000l\000a\000n\000\040\000D\000e\000r\000e\000t\000\040\000W\000a\000k\000t\000u}{section.3.5}% 118
\BOOKMARK [3][-]{subsubsection.3.5.3.1}{\376\377\000F\000i\000t\000u\000r\000\040\000T\000e\000m\000p\000o\000r\000a\000l}{subsection.3.5.3}% 119
\BOOKMARK [3][-]{subsubsection.3.5.3.2}{\376\377\000F\000i\000t\000u\000r\000\040\000L\000a\000g\000\040\000d\000a\000n\000\040\000R\000o\000l\000l\000i\000n\000g\000\040\000S\000t\000a\000t\000i\000s\000t\000i\000c\000s}{subsection.3.5.3}% 120
\BOOKMARK [3][-]{subsubsection.3.5.3.3}{\376\377\000F\000i\000t\000u\000r\000\040\000A\000g\000r\000e\000g\000a\000t\000\040\000p\000e\000r\000\040\000E\000n\000t\000i\000t\000a\000s}{subsection.3.5.3}% 121
\BOOKMARK [2][-]{subsection.3.5.4}{\376\377\000P\000e\000m\000b\000a\000g\000i\000a\000n\000\040\000D\000a\000t\000a\000\040\000u\000n\000t\000u\000k\000\040\000P\000e\000l\000a\000t\000i\000h\000a\000n\000\040\000d\000a\000n\000\040\000E\000v\000a\000l\000u\000a\000s\000i}{section.3.5}% 122
\BOOKMARK [2][-]{subsection.3.5.5}{\376\377\000P\000e\000n\000y\000i\000m\000p\000a\000n\000a\000n\000\040\000D\000a\000t\000a\000s\000e\000t\000\040\000F\000i\000n\000a\000l}{section.3.5}% 123
\BOOKMARK [1][-]{section.3.6}{\376\377\000P\000e\000m\000o\000d\000e\000l\000a\000n\000\040\000D\000a\000t\000a\000\040\000\050\000D\000a\000t\000a\000\040\000M\000o\000d\000e\000l\000l\000i\000n\000g\000\051}{chapter.3}% 124
\BOOKMARK [2][-]{subsection.3.6.1}{\376\377\000A\000r\000s\000i\000t\000e\000k\000t\000u\000r\000\040\000M\000o\000d\000e\000l\000\040\000P\000e\000r\000a\000m\000a\000l\000a\000n\000\040\000D\000e\000r\000e\000t\000\040\000W\000a\000k\000t\000u}{section.3.6}% 125
\BOOKMARK [3][-]{subsubsection.3.6.1.1}{\376\377\000M\000o\000d\000e\000l\000\040\000L\000S\000T\000M\000\040\000\050\000L\000o\000n\000g\000\040\000S\000h\000o\000r\000t\000-\000T\000e\000r\000m\000\040\000M\000e\000m\000o\000r\000y\000\051}{subsection.3.6.1}% 126
\BOOKMARK [3][-]{subsubsection.3.6.1.2}{\376\377\000M\000o\000d\000e\000l\000\040\000G\000R\000U\000\040\000\050\000G\000a\000t\000e\000d\000\040\000R\000e\000c\000u\000r\000r\000e\000n\000t\000\040\000U\000n\000i\000t\000\051}{subsection.3.6.1}% 127
\BOOKMARK [3][-]{subsubsection.3.6.1.3}{\376\377\000M\000o\000d\000e\000l\000\040\000T\000F\000T\000\040\000\050\000T\000e\000m\000p\000o\000r\000a\000l\000\040\000F\000u\000s\000i\000o\000n\000\040\000T\000r\000a\000n\000s\000f\000o\000r\000m\000e\000r\000\051}{subsection.3.6.1}% 128
\BOOKMARK [3][-]{subsubsection.3.6.1.4}{\376\377\000P\000e\000r\000b\000a\000n\000d\000i\000n\000g\000a\000n\000\040\000K\000a\000r\000a\000k\000t\000e\000r\000i\000s\000t\000i\000k\000\040\000M\000o\000d\000e\000l}{subsection.3.6.1}% 129
\BOOKMARK [2][-]{subsection.3.6.2}{\376\377\000K\000o\000n\000f\000i\000g\000u\000r\000a\000s\000i\000\040\000H\000y\000p\000e\000r\000p\000a\000r\000a\000m\000e\000t\000e\000r}{section.3.6}% 130
\BOOKMARK [2][-]{subsection.3.6.3}{\376\377\000S\000t\000r\000a\000t\000e\000g\000i\000\040\000P\000e\000l\000a\000t\000i\000h\000a\000n\000\040\000M\000o\000d\000e\000l}{section.3.6}% 131
\BOOKMARK [3][-]{subsubsection.3.6.3.1}{\376\377\000E\000a\000r\000l\000y\000\040\000S\000t\000o\000p\000p\000i\000n\000g}{subsection.3.6.3}% 132
\BOOKMARK [3][-]{subsubsection.3.6.3.2}{\376\377\000R\000e\000g\000u\000l\000a\000r\000i\000s\000a\000s\000i}{subsection.3.6.3}% 133
\BOOKMARK [3][-]{subsubsection.3.6.3.3}{\376\377\000F\000u\000n\000g\000s\000i\000\040\000K\000e\000r\000u\000g\000i\000a\000n}{subsection.3.6.3}% 134
\BOOKMARK [2][-]{subsection.3.6.4}{\376\377\000M\000o\000d\000e\000l\000\040\000K\000l\000a\000s\000i\000f\000i\000k\000a\000s\000i\000\040\000I\000n\000t\000e\000n\000t\000\040\000B\000e\000r\000b\000a\000s\000i\000s\000\040\000P\000o\000l\000a}{section.3.6}% 135
\BOOKMARK [2][-]{subsection.3.6.5}{\376\377\000M\000o\000d\000e\000l\000\040\000P\000e\000m\000b\000a\000n\000g\000k\000i\000t\000a\000n\000\040\000B\000a\000h\000a\000s\000a\000\040\000A\000l\000a\000m\000i\000\040\000B\000e\000r\000b\000a\000s\000i\000s\000\040\000T\000e\000m\000p\000l\000a\000t}{section.3.6}% 136
\BOOKMARK [2][-]{subsection.3.6.6}{\376\377\000I\000n\000t\000e\000g\000r\000a\000s\000i\000\040\000M\000o\000d\000e\000l\000\040\000d\000a\000l\000a\000m\000\040\000A\000r\000s\000i\000t\000e\000k\000t\000u\000r\000\040\000S\000i\000s\000t\000e\000m}{section.3.6}% 137
\BOOKMARK [0][-]{chapter.4}{\376\377\000P\000E\000R\000A\000N\000C\000A\000N\000G\000A\000N}{}% 138
\BOOKMARK [1][-]{subsection.4.0.1}{\376\377\000R\000e\000n\000c\000a\000n\000a\000\040\000I\000m\000p\000l\000e\000m\000e\000n\000t\000a\000s\000i}{chapter.4}% 139
\BOOKMARK [2][-]{subsubsection.4.0.1.1}{\376\377\000P\000e\000r\000a\000n\000g\000k\000a\000t\000\040\000L\000u\000n\000a\000k\000\040\000d\000a\000n\000\040\000T\000e\000k\000n\000o\000l\000o\000g\000i}{subsection.4.0.1}% 140
\BOOKMARK [3][-]{subsubsection.4.0.1.2}{\376\377\000K\000e\000b\000u\000t\000u\000h\000a\000n\000\040\000S\000u\000m\000b\000e\000r\000\040\000D\000a\000y\000a\000\040\000K\000o\000m\000p\000u\000t\000a\000s\000i}{subsubsection.4.0.1.1}% 141
\BOOKMARK [3][-]{subsubsection.4.0.1.3}{\376\377\000L\000i\000n\000i\000m\000a\000s\000a\000\040\000P\000e\000l\000a\000k\000s\000a\000n\000a\000a\000n\000\040\000T\000u\000g\000a\000s\000\040\000A\000k\000h\000i\000r}{subsubsection.4.0.1.1}% 142
\BOOKMARK [2][-]{subsection.4.0.2}{\376\377\000D\000e\000s\000a\000i\000n\000\040\000P\000e\000n\000g\000u\000j\000i\000a\000n\000\040\000d\000a\000n\000\040\000E\000v\000a\000l\000u\000a\000s\000i}{subsection.4.0.1}% 143
\BOOKMARK [3][-]{subsubsection.4.0.2.1}{\376\377\000E\000v\000a\000l\000u\000a\000s\000i\000\040\000K\000l\000a\000s\000i\000f\000i\000k\000a\000s\000i\000\040\000M\000a\000k\000s\000u\000d\000\040\000B\000e\000r\000b\000a\000s\000i\000s\000\040\000P\000o\000l\000a}{subsection.4.0.2}% 144
\BOOKMARK [4][-]{paragraph.4.0.2.1.1}{\376\377\000M\000e\000t\000r\000i\000k\000\040\000E\000v\000a\000l\000u\000a\000s\000i\000\040\000K\000l\000a\000s\000i\000f\000i\000k\000a\000s\000i\000\040\000I\000n\000t\000e\000n\000t}{subsubsection.4.0.2.1}% 145
\BOOKMARK [4][-]{paragraph.4.0.2.1.2}{\376\377\000A\000n\000a\000l\000i\000s\000i\000s\000\040\000N\000i\000l\000a\000i\000\040\000K\000e\000y\000a\000k\000i\000n\000a\000n\000\040\000\050\000C\000o\000n\000f\000i\000d\000e\000n\000c\000e\000\040\000S\000c\000o\000r\000e\000\051}{subsubsection.4.0.2.1}% 146
\BOOKMARK [4][-]{paragraph.4.0.2.1.3}{\376\377\000T\000a\000r\000g\000e\000t\000\040\000P\000e\000r\000f\000o\000r\000m\000a\000\040\000K\000l\000a\000s\000i\000f\000i\000k\000a\000s\000i\000\040\000I\000n\000t\000e\000n\000t}{subsubsection.4.0.2.1}% 147
\BOOKMARK [3][-]{subsubsection.4.0.2.2}{\376\377\000E\000v\000a\000l\000u\000a\000s\000i\000\040\000P\000e\000m\000b\000a\000n\000g\000k\000i\000t\000a\000n\000\040\000B\000a\000h\000a\000s\000a\000\040\000A\000l\000a\000m\000i\000\040\000B\000e\000r\000b\000a\000s\000i\000s\000\040\000T\000e\000m\000p\000l\000a\000t}{subsection.4.0.2}% 148
\BOOKMARK [4][-]{paragraph.4.0.2.2.1}{\376\377\000M\000e\000t\000r\000i\000k\000\040\000E\000v\000a\000l\000u\000a\000s\000i\000\040\000N\000L\000G\000\040\000O\000t\000o\000m\000a\000t\000i\000s}{subsubsection.4.0.2.2}% 149
\BOOKMARK [4][-]{paragraph.4.0.2.2.2}{\376\377\000E\000v\000a\000l\000u\000a\000s\000i\000\040\000S\000u\000b\000j\000e\000k\000t\000i\000f\000\040\000B\000e\000r\000b\000a\000s\000i\000s\000\040\000P\000e\000n\000g\000g\000u\000n\000a}{subsubsection.4.0.2.2}% 150
\BOOKMARK [4][-]{paragraph.4.0.2.2.3}{\376\377\000T\000a\000r\000g\000e\000t\000\040\000P\000e\000r\000f\000o\000r\000m\000a\000\040\000N\000L\000G}{subsubsection.4.0.2.2}% 151
\BOOKMARK [3][-]{subsubsection.4.0.2.3}{\376\377\000E\000v\000a\000l\000u\000a\000s\000i\000\040\000P\000e\000r\000a\000m\000a\000l\000a\000n\000\040\000D\000e\000r\000e\000t\000\040\000W\000a\000k\000t\000u}{subsection.4.0.2}% 152
\BOOKMARK [4][-]{paragraph.4.0.2.3.1}{\376\377\000M\000e\000t\000r\000i\000k\000\040\000E\000v\000a\000l\000u\000a\000s\000i\000\040\000F\000o\000r\000e\000c\000a\000s\000t\000i\000n\000g}{subsubsection.4.0.2.3}% 153
\BOOKMARK [4][-]{paragraph.4.0.2.3.2}{\376\377\000S\000k\000i\000l\000l\000\040\000S\000c\000o\000r\000e\000\040\000t\000e\000r\000h\000a\000d\000a\000p\000\040\000G\000a\000r\000i\000s\000\040\000D\000a\000s\000a\000r}{subsubsection.4.0.2.3}% 154
\BOOKMARK [4][-]{paragraph.4.0.2.3.3}{\376\377\000V\000a\000l\000i\000d\000a\000s\000i\000\040\000S\000i\000l\000a\000n\000g\000\040\000D\000e\000r\000e\000t\000\040\000W\000a\000k\000t\000u\000\040\000\050\000T\000i\000m\000e\000\040\000S\000e\000r\000i\000e\000s\000\040\000C\000r\000o\000s\000s\000-\000V\000a\000l\000i\000d\000a\000t\000i\000o\000n\000\051}{subsubsection.4.0.2.3}% 155
\BOOKMARK [4][-]{paragraph.4.0.2.3.4}{\376\377\000T\000a\000r\000g\000e\000t\000\040\000P\000e\000r\000f\000o\000r\000m\000a\000\040\000F\000o\000r\000e\000c\000a\000s\000t\000i\000n\000g}{subsubsection.4.0.2.3}% 156
\BOOKMARK [3][-]{subsubsection.4.0.2.4}{\376\377\000E\000v\000a\000l\000u\000a\000s\000i\000\040\000S\000i\000s\000t\000e\000m\000\040\000T\000e\000r\000i\000n\000t\000e\000g\000r\000a\000s\000i}{subsection.4.0.2}% 157
\BOOKMARK [4][-]{paragraph.4.0.2.4.1}{\376\377\000P\000e\000n\000g\000u\000j\000i\000a\000n\000\040\000I\000n\000t\000e\000g\000r\000a\000s\000i}{subsubsection.4.0.2.4}% 158
\BOOKMARK [4][-]{paragraph.4.0.2.4.2}{\376\377\000P\000e\000n\000g\000u\000j\000i\000a\000n\000\040\000P\000e\000r\000f\000o\000r\000m\000a\000\040\000S\000i\000s\000t\000e\000m}{subsubsection.4.0.2.4}% 159
\BOOKMARK [4][-]{paragraph.4.0.2.4.3}{\376\377\000E\000v\000a\000l\000u\000a\000s\000i\000\040\000K\000e\000b\000e\000r\000g\000u\000n\000a\000a\000n\000\040\000\050\000U\000s\000a\000b\000i\000l\000i\000t\000y\000\051}{subsubsection.4.0.2.4}% 160
\BOOKMARK [2][-]{subsection.4.0.3}{\376\377\000A\000n\000a\000l\000i\000s\000i\000s\000\040\000R\000i\000s\000i\000k\000o\000\040\000d\000a\000n\000\040\000M\000i\000t\000i\000g\000a\000s\000i}{subsection.4.0.1}% 161
\BOOKMARK [0][-]{chapter.5}{\376\377\000I\000M\000P\000L\000E\000M\000E\000N\000T\000A\000S\000I}{}% 162
\BOOKMARK [1][-]{section.5.1}{\376\377\000A\000r\000s\000i\000t\000e\000k\000t\000u\000r\000\040\000S\000i\000s\000t\000e\000m\000\040\000T\000e\000r\000i\000m\000p\000l\000e\000m\000e\000n\000t\000a\000s\000i}{chapter.5}% 163
\BOOKMARK [1][-]{section.5.2}{\376\377\000I\000m\000p\000l\000e\000m\000e\000n\000t\000a\000s\000i\000\040\000B\000a\000c\000k\000e\000n\000d\000\040\000\050\000N\000o\000d\000e\000.\000j\000s\000/\000E\000x\000p\000r\000e\000s\000s\000\051}{chapter.5}% 164
\BOOKMARK [2][-]{subsection.5.2.1}{\376\377\000S\000t\000r\000u\000k\000t\000u\000r\000\040\000P\000r\000o\000y\000e\000k\000\040\000B\000a\000c\000k\000e\000n\000d}{section.5.2}% 165
\BOOKMARK [2][-]{subsection.5.2.2}{\376\377\000K\000o\000n\000f\000i\000g\000u\000r\000a\000s\000i\000\040\000M\000i\000d\000d\000l\000e\000w\000a\000r\000e\000\040\000K\000e\000a\000m\000a\000n\000a\000n}{section.5.2}% 166
\BOOKMARK [2][-]{subsection.5.2.3}{\376\377\000K\000o\000n\000e\000k\000s\000i\000\040\000O\000r\000a\000c\000l\000e\000\040\000D\000a\000t\000a\000b\000a\000s\000e}{section.5.2}% 167
\BOOKMARK [2][-]{subsection.5.2.4}{\376\377\000R\000u\000t\000e\000\040\000A\000P\000I\000\040\000\050\000A\000P\000I\000\040\000R\000o\000u\000t\000e\000s\000\051}{section.5.2}% 168
\BOOKMARK [1][-]{section.5.3}{\376\377\000I\000m\000p\000l\000e\000m\000e\000n\000t\000a\000s\000i\000\040\000M\000e\000s\000i\000n\000\040\000A\000t\000u\000r\000a\000n\000\040\000\050\000R\000u\000l\000e\000\040\000E\000n\000g\000i\000n\000e\000\051}{chapter.5}% 169
\BOOKMARK [2][-]{subsection.5.3.1}{\376\377\000A\000r\000s\000i\000t\000e\000k\000t\000u\000r\000\040\000M\000e\000s\000i\000n\000\040\000A\000t\000u\000r\000a\000n}{section.5.3}% 170
\BOOKMARK [2][-]{subsection.5.3.2}{\376\377\000S\000t\000r\000u\000k\000t\000u\000r\000\040\000D\000e\000f\000i\000n\000i\000s\000i\000\040\000A\000t\000u\000r\000a\000n}{section.5.3}% 171
\BOOKMARK [2][-]{subsection.5.3.3}{\376\377\000I\000n\000j\000e\000k\000s\000i\000\040\000F\000i\000l\000t\000e\000r\000\040\000G\000e\000o\000g\000r\000a\000f\000i\000s}{section.5.3}% 172
\BOOKMARK [2][-]{subsection.5.3.4}{\376\377\000M\000e\000k\000a\000n\000i\000s\000m\000e\000\040\000C\000a\000c\000h\000i\000n\000g}{section.5.3}% 173
\BOOKMARK [1][-]{section.5.4}{\376\377\000I\000m\000p\000l\000e\000m\000e\000n\000t\000a\000s\000i\000\040\000K\000l\000a\000s\000i\000f\000i\000k\000a\000s\000i\000\040\000M\000a\000k\000s\000u\000d\000\040\000\050\000I\000n\000t\000e\000n\000t\000\040\000C\000l\000a\000s\000s\000i\000f\000i\000c\000a\000t\000i\000o\000n\000\051}{chapter.5}% 174
\BOOKMARK [2][-]{subsection.5.4.1}{\376\377\000A\000r\000s\000i\000t\000e\000k\000t\000u\000r\000\040\000K\000l\000a\000s\000i\000f\000i\000k\000a\000s\000i}{section.5.4}% 175
\BOOKMARK [2][-]{subsection.5.4.2}{\376\377\000A\000l\000g\000o\000r\000i\000t\000m\000a\000\040\000P\000e\000r\000h\000i\000t\000u\000n\000g\000a\000n\000\040\000S\000k\000o\000r}{section.5.4}% 176
\BOOKMARK [1][-]{section.5.5}{\376\377\000I\000m\000p\000l\000e\000m\000e\000n\000t\000a\000s\000i\000\040\000P\000e\000m\000b\000a\000n\000g\000k\000i\000t\000a\000n\000\040\000B\000a\000h\000a\000s\000a\000\040\000A\000l\000a\000m\000i\000\040\000\050\000N\000L\000G\000\051}{chapter.5}% 177
\BOOKMARK [2][-]{subsection.5.5.1}{\376\377\000A\000l\000u\000r\000\040\000P\000e\000m\000b\000a\000n\000g\000k\000i\000t\000a\000n\000\040\000R\000e\000s\000p\000o\000n\000s}{section.5.5}% 178
\BOOKMARK [2][-]{subsection.5.5.2}{\376\377\000P\000e\000t\000a\000\040\000S\000u\000b\000j\000e\000k\000\040\000A\000t\000u\000r\000a\000n}{section.5.5}% 179
\BOOKMARK [2][-]{subsection.5.5.3}{\376\377\000F\000o\000r\000m\000a\000t\000\040\000K\000e\000l\000u\000a\000r\000a\000n}{section.5.5}% 180
\BOOKMARK [1][-]{section.5.6}{\376\377\000I\000m\000p\000l\000e\000m\000e\000n\000t\000a\000s\000i\000\040\000L\000a\000y\000a\000n\000a\000n\000\040\000M\000a\000c\000h\000i\000n\000e\000\040\000L\000e\000a\000r\000n\000i\000n\000g}{chapter.5}% 181
\BOOKMARK [2][-]{subsection.5.6.1}{\376\377\000S\000t\000r\000u\000k\000t\000u\000r\000\040\000P\000r\000o\000y\000e\000k\000\040\000L\000a\000y\000a\000n\000a\000n\000\040\000M\000L}{section.5.6}% 182
\BOOKMARK [2][-]{subsection.5.6.2}{\376\377\000I\000m\000p\000l\000e\000m\000e\000n\000t\000a\000s\000i\000\040\000M\000o\000d\000e\000l\000\040\000G\000R\000U\000\040\000d\000a\000n\000\040\000L\000S\000T\000M}{section.5.6}% 183
\BOOKMARK [2][-]{subsection.5.6.3}{\376\377\000P\000i\000p\000e\000l\000i\000n\000e\000\040\000P\000e\000l\000a\000t\000i\000h\000a\000n}{section.5.6}% 184
\BOOKMARK [3][-]{subsubsection.5.6.3.1}{\376\377\000P\000e\000n\000y\000e\000s\000u\000a\000i\000a\000n\000\040\000O\000t\000o\000m\000a\000t\000i\000s\000\040\000U\000k\000u\000r\000a\000n\000\040\000J\000e\000n\000d\000e\000l\000a\000\040\000\050\000A\000u\000t\000o\000-\000T\000u\000n\000e\000\040\000W\000i\000n\000d\000o\000w\000\040\000S\000i\000z\000e\000\051}{subsection.5.6.3}% 185
\BOOKMARK [3][-]{subsubsection.5.6.3.2}{\376\377\000V\000a\000l\000i\000d\000a\000s\000i\000\040\000W\000a\000l\000k\000-\000F\000o\000r\000w\000a\000r\000d}{subsection.5.6.3}% 186
\BOOKMARK [3][-]{subsubsection.5.6.3.3}{\376\377\000M\000e\000k\000a\000n\000i\000s\000m\000e\000\040\000B\000e\000n\000c\000h\000m\000a\000r\000k\000\040\000t\000e\000r\000h\000a\000d\000a\000p\000\040\000M\000o\000d\000e\000l\000\040\000S\000e\000b\000e\000l\000u\000m\000n\000y\000a}{subsection.5.6.3}% 187
\BOOKMARK [3][-]{subsubsection.5.6.3.4}{\376\377\000D\000e\000t\000e\000k\000s\000i\000\040\000D\000a\000t\000a\000\040\000P\000a\000r\000s\000i\000a\000l}{subsection.5.6.3}% 188
\BOOKMARK [2][-]{subsection.5.6.4}{\376\377\000P\000r\000a\000o\000l\000a\000h\000\040\000D\000a\000t\000a}{section.5.6}% 189
\BOOKMARK [2][-]{subsection.5.6.5}{\376\377\000M\000e\000t\000r\000i\000k\000\040\000E\000v\000a\000l\000u\000a\000s\000i\000\040\000T\000e\000r\000i\000m\000p\000l\000e\000m\000e\000n\000t\000a\000s\000i}{section.5.6}% 190
\BOOKMARK [1][-]{section.5.7}{\376\377\000I\000m\000p\000l\000e\000m\000e\000n\000t\000a\000s\000i\000\040\000F\000r\000o\000n\000t\000e\000n\000d\000\040\000\050\000R\000e\000a\000c\000t\000.\000j\000s\000\051}{chapter.5}% 191
\BOOKMARK [1][-]{section.5.8}{\376\377\000I\000m\000p\000l\000e\000m\000e\000n\000t\000a\000s\000i\000\040\000A\000u\000t\000e\000n\000t\000i\000k\000a\000s\000i\000\040\000d\000a\000n\000\040\000K\000e\000a\000m\000a\000n\000a\000n}{chapter.5}% 192
\BOOKMARK [2][-]{subsection.5.8.1}{\376\377\000A\000u\000t\000e\000n\000t\000i\000k\000a\000s\000i\000\040\000B\000e\000r\000b\000a\000s\000i\000s\000\040\000J\000W\000T}{section.5.8}% 193
\BOOKMARK [2][-]{subsection.5.8.2}{\376\377\000V\000a\000l\000i\000d\000a\000s\000i\000\040\000M\000a\000s\000u\000k\000a\000n}{section.5.8}% 194
\BOOKMARK [0][-]{chapter.6}{\376\377\000E\000V\000A\000L\000U\000A\000S\000I}{}% 195
\BOOKMARK [1][-]{section.6.1}{\376\377\000E\000v\000a\000l\000u\000a\000s\000i\000\040\000K\000l\000a\000s\000i\000f\000i\000k\000a\000s\000i\000\040\000M\000a\000k\000s\000u\000d\000\040\000\050\000I\000n\000t\000e\000n\000t\000\040\000C\000l\000a\000s\000s\000i\000f\000i\000c\000a\000t\000i\000o\000n\000\051}{chapter.6}% 196
\BOOKMARK [2][-]{subsection.6.1.1}{\376\377\000C\000a\000k\000u\000p\000a\000n\000\040\000I\000n\000t\000e\000n\000t}{section.6.1}% 197
\BOOKMARK [2][-]{subsection.6.1.2}{\376\377\000H\000a\000s\000i\000l\000\040\000E\000v\000a\000l\000u\000a\000s\000i\000\040\000K\000l\000a\000s\000i\000f\000i\000k\000a\000s\000i}{section.6.1}% 198
\BOOKMARK [2][-]{subsection.6.1.3}{\376\377\000M\000e\000k\000a\000n\000i\000s\000m\000e\000\040\000F\000a\000l\000l\000b\000a\000c\000k}{section.6.1}% 199
\BOOKMARK [1][-]{section.6.2}{\376\377\000E\000v\000a\000l\000u\000a\000s\000i\000\040\000P\000e\000m\000b\000a\000n\000g\000k\000i\000t\000a\000n\000\040\000B\000a\000h\000a\000s\000a\000\040\000A\000l\000a\000m\000i\000\040\000\050\000N\000L\000G\000\051}{chapter.6}% 200
\BOOKMARK [2][-]{subsection.6.2.1}{\376\377\000A\000k\000u\000r\000a\000s\000i\000\040\000F\000a\000k\000t\000u\000a\000l}{section.6.2}% 201
\BOOKMARK [2][-]{subsection.6.2.2}{\376\377\000V\000a\000r\000i\000a\000s\000i\000\040\000T\000e\000m\000p\000l\000a\000t}{section.6.2}% 202
\BOOKMARK [2][-]{subsection.6.2.3}{\376\377\000C\000a\000k\000u\000p\000a\000n\000\040\000S\000u\000b\000j\000e\000k}{section.6.2}% 203
\BOOKMARK [2][-]{subsection.6.2.4}{\376\377\000F\000o\000r\000m\000a\000t\000\040\000d\000a\000n\000\040\000K\000e\000t\000e\000r\000b\000a\000c\000a\000a\000n\000\040\000K\000e\000l\000u\000a\000r\000a\000n}{section.6.2}% 204
\BOOKMARK [1][-]{section.6.3}{\376\377\000E\000v\000a\000l\000u\000a\000s\000i\000\040\000P\000e\000r\000a\000m\000a\000l\000a\000n\000\040\000D\000e\000r\000e\000t\000\040\000W\000a\000k\000t\000u\000\040\000\050\000T\000i\000m\000e\000\040\000S\000e\000r\000i\000e\000s\000\040\000F\000o\000r\000e\000c\000a\000s\000t\000i\000n\000g\000\051}{chapter.6}% 205
\BOOKMARK [2][-]{subsection.6.3.1}{\376\377\000P\000r\000o\000t\000o\000k\000o\000l\000\040\000E\000v\000a\000l\000u\000a\000s\000i}{section.6.3}% 206
\BOOKMARK [2][-]{subsection.6.3.2}{\376\377\000M\000e\000t\000r\000i\000k\000\040\000E\000v\000a\000l\000u\000a\000s\000i}{section.6.3}% 207
\BOOKMARK [2][-]{subsection.6.3.3}{\376\377\000B\000a\000s\000e\000l\000i\000n\000e\000\040\000S\000e\000a\000s\000o\000n\000a\000l\000\040\000N\000a\000i\000v\000e}{section.6.3}% 208
\BOOKMARK [2][-]{subsection.6.3.4}{\376\377\000M\000e\000k\000a\000n\000i\000s\000m\000e\000\040\000P\000e\000m\000b\000a\000n\000d\000i\000n\000g\000a\000n\000\040\000M\000o\000d\000e\000l}{section.6.3}% 209
\BOOKMARK [1][-]{section.6.4}{\376\377\000E\000v\000a\000l\000u\000a\000s\000i\000\040\000S\000i\000s\000t\000e\000m\000\040\000T\000e\000r\000i\000n\000t\000e\000g\000r\000a\000s\000i}{chapter.6}% 210
\BOOKMARK [2][-]{subsection.6.4.1}{\376\377\000P\000e\000n\000g\000u\000j\000i\000a\000n\000\040\000A\000l\000u\000r\000\040\000L\000e\000n\000g\000k\000a\000p}{section.6.4}% 211
\BOOKMARK [2][-]{subsection.6.4.2}{\376\377\000P\000e\000n\000g\000u\000j\000i\000a\000n\000\040\000W\000a\000k\000t\000u\000\040\000R\000e\000s\000p\000o\000n\000s}{section.6.4}% 212
\BOOKMARK [2][-]{subsection.6.4.3}{\376\377\000P\000e\000n\000g\000u\000j\000i\000a\000n\000\040\000M\000a\000n\000a\000j\000e\000m\000e\000n\000\040\000S\000e\000s\000i\000\040\000d\000a\000n\000\040\000R\000i\000w\000a\000y\000a\000t}{section.6.4}% 213
\BOOKMARK [1][-]{section.6.5}{\376\377\000P\000e\000m\000b\000a\000h\000a\000s\000a\000n\000\040\000H\000a\000s\000i\000l\000\040\000E\000v\000a\000l\000u\000a\000s\000i}{chapter.6}% 214
\BOOKMARK [0][-]{chapter.7}{\376\377\000P\000E\000N\000U\000T\000U\000P}{}% 215
\BOOKMARK [1][-]{section.7.1}{\376\377\000K\000e\000s\000i\000m\000p\000u\000l\000a\000n}{chapter.7}% 216
\BOOKMARK [1][-]{section.7.2}{\376\377\000S\000a\000r\000a\000n}{chapter.7}% 217
